src/core/adapters/BaseAdapter.ts(114,24): error TS2571: Object is of type 'unknown'.
src/core/adapters/BaseAdapter.ts(126,13): error TS18046: 'internal' is of type 'unknown'.
src/core/adapters/BaseAdapter.ts(127,19): error TS18046: 'internal' is of type 'unknown'.
src/core/adapters/BaseAdapter.ts(128,33): error TS18046: 'internal' is of type 'unknown'.
src/core/adapters/BaseAdapter.ts(129,21): error TS18046: 'internal' is of type 'unknown'.
src/core/adapters/BaseAdapter.ts(132,29): error TS18046: 'internal' is of type 'unknown'.
